[slimhamdi.net/chatfolio/demos/index-multicolors-light.html]
[backblue.gif]
[fade.gif]
[index.html]
[slimhamdi.net/chatfolio/demos/css/all.min.css]
[slimhamdi.net/chatfolio/demos/css/style.css]
[slimhamdi.net/chatfolio/demos/css/colorswitcher.css]
[slimhamdi.net/chatfolio/demos/css/skins/multicolors.css]
[slimhamdi.net/chatfolio/demos/img/avatar-intro.png]
[slimhamdi.net/chatfolio/demos/img/chat-avatar.png]
[slimhamdi.net/chatfolio/demos/img/projects/project-1.jpg]
[slimhamdi.net/chatfolio/demos/img/projects/project-1-big.jpg]
[slimhamdi.net/chatfolio/demos/img/projects/project-2-big.jpg]
[slimhamdi.net/chatfolio/demos/img/projects/project-3-big.jpg]
[slimhamdi.net/chatfolio/demos/img/projects/project-2.jpg]
[slimhamdi.net/chatfolio/demos/img/projects/project-3.jpg]
[slimhamdi.net/chatfolio/demos/img/projects/project-4.jpg]
[slimhamdi.net/chatfolio/demos/img/clients/logoipsum-391.png]
[slimhamdi.net/chatfolio/demos/img/clients/logoipsum-393.png]
[slimhamdi.net/chatfolio/demos/img/clients/logoipsum-406.png]
[slimhamdi.net/chatfolio/demos/img/clients/logoipsum-408.png]
[slimhamdi.net/chatfolio/demos/img/clients/logoipsum-410.png]
[slimhamdi.net/chatfolio/demos/img/clients/logoipsum-414.png]
[slimhamdi.net/chatfolio/demos/img/styleswitcher/multicolors.png]
[slimhamdi.net/chatfolio/demos/img/styleswitcher/multicolors2.png]
[slimhamdi.net/chatfolio/demos/img/styleswitcher/monochrome-light.png]
[slimhamdi.net/chatfolio/demos/img/styleswitcher/monochrome-dark.png]
[slimhamdi.net/chatfolio/demos/js/typewriter.js]
[slimhamdi.net/chatfolio/demos/js/app.js]
[slimhamdi.net/chatfolio/demos/js/colorswitcher.js]
[slimhamdi.net/chatfolio/demos/index-multicolors-light.html]
[slimhamdi.net/chatfolio/demos/css/all.min.css]
[slimhamdi.net/chatfolio/demos/css/style.css]
[slimhamdi.net/chatfolio/demos/css/colorswitcher.css]
[slimhamdi.net/chatfolio/demos/css/skins/multicolors.css]
[slimhamdi.net/chatfolio/demos/assets/link-to-cv.html]
[slimhamdi.net/chatfolio/demos/link-to-cv.html]
[slimhamdi.net/chatfolio/demos/apricot-rouge.html]
[slimhamdi.net/chatfolio/demos/exotic-teal.html]
[slimhamdi.net/chatfolio/demos/funky-red.html]
[slimhamdi.net/chatfolio/demos/lucky-green.html]
[slimhamdi.net/chatfolio/demos/mustard-gold.html]
[slimhamdi.net/chatfolio/demos/royal-blue.html]
[slimhamdi.net/chatfolio/demos/spring-sky.html]
[slimhamdi.net/chatfolio/demos/strong-pink.html]
[slimhamdi.net/chatfolio/demos/super-orange.html]
[slimhamdi.net/chatfolio/demos/violet-punk.html]
